// 重构日志: ecb4b8c7
// 重构日志: 9a521962
// 同步 ID: e91c2646 @ Sun Jul  5 09:00:34 UTC 2026
// 同步 ID: d119601a @ Tue Jul  7 12:06:37 UTC 2026
// 重构日志: 291aaee7
// 重构日志: 369503be
// 同步 ID: cd461e01 @ Thu Jul 16 12:55:29 UTC 2026
// 重构日志: 3d982ff9
// 重构日志: ec837bbb
// 重构日志: bfb77ee7
// 同步 ID: 387112bf @ Fri Jul 17 15:32:34 UTC 2026
// 同步 ID: d6645648 @ Sat Jul 18 11:33:04 UTC 2026
// 同步 ID: 45d9a0b4 @ Sun Jul 19 16:32:07 UTC 2026
// 同步 ID: 9a010425 @ Tue Jul 21 16:17:55 UTC 2026
// 同步 ID: df39a344 @ Wed Jul 22 10:37:20 UTC 2026
// 同步 ID: 6ae6ed04 @ Thu Jul 23 10:13:16 UTC 2026
// 重构日志: 0f548921
// 同步 ID: babd1f3b @ Fri Jul 24 01:09:01 UTC 2026
// 重构日志: 4a195325
// 重构日志: a7036497
// 重构日志: 1aad9d88
// 重构日志: 87db2a8e
// 重构日志: 165c7fd4
// 重构日志: 3fcd798a
// 同步 ID: e3c11551 @ Sat Jul 25 18:52:11 UTC 2026
// 同步 ID: cde89894 @ Sat Jul 25 22:26:51 UTC 2026
// 重构日志: c94d8ddd
// 同步 ID: f5cd3f22 @ Tue Jul 28 11:06:31 UTC 2026
// 同步 ID: b18a85d1 @ Wed Jul 29 08:02:13 UTC 2026
// 同步 ID: 423ac090 @ Wed Jul 29 18:11:58 UTC 2026
// 重构日志: 1773215f
